Microchip MPLAB XC8 Compiler V2.46

Linker command line:

-W-3 \
  --edf=C:\Program Files\Microchip\xc8\v2.46\pic\dat\20240104201356_en.msgs \
  -cn -h+dist/default/production\TY1489_HIGH_L_V01.X.production.sym \
  --cmf=dist/default/production\TY1489_HIGH_L_V01.X.production.cmf -z \
  -Q16F1936 -oC:\Users\t00904\AppData\Local\Temp\xcCse6g.2\driver_tmp_3.o \
  --defsym=__MPLAB_BUILD=1 --fixupoverflow=error \
  -Mdist/default/production/TY1489_HIGH_L_V01.X.production.map \
  --md=C:\Users\t00904\AppData\Local\Temp\xcCse6g.2\driver_tmp_0.dat -E1 \
  -ver=XC8 Compiler --acfsm=1493 -ACODE=00h-07FFhx4 -ASTRCODE=00h-01FFFh \
  -ASTRING=00h-0FFhx32 -ACONST=00h-0FFhx32 -AENTRY=00h-0FFhx32 \
  -ACOMMON=070h-07Fh -ABANK0=020h-06Fh -ABANK1=0A0h-0EFh \
  -ABANK2=0120h-016Fh -ABANK3=01A0h-01EFh -ABANK4=0220h-026Fh \
  -ABANK5=02A0h-02EFh -ABANK6=0320h-032Fh -ABIGRAM=02000h-021EFh \
  -ARAM=020h-06Fh,0A0h-0EFh,0120h-016Fh,01A0h-01EFh,0220h-026Fh,02A0h-02EFh,0320h-032Fh \
  -AABS1=020h-07Fh,0A0h-0EFh,0120h-016Fh,01A0h-01EFh,0220h-026Fh,02A0h-02EFh,0320h-032Fh \
  -ASFR0=00h-01Fh -ASFR1=080h-09Fh -ASFR2=0100h-011Fh -ASFR3=0180h-019Fh \
  -ASFR4=0200h-021Fh -ASFR5=0280h-029Fh -ASFR6=0300h-031Fh \
  -ASFR7=0380h-03EFh -ASFR8=0400h-046Fh -ASFR9=0480h-04EFh \
  -ASFR10=0500h-056Fh -ASFR11=0580h-05EFh -ASFR12=0600h-066Fh \
  -ASFR13=0680h-06EFh -ASFR14=0700h-076Fh -ASFR15=0780h-07EFh \
  -ASFR16=0800h-086Fh -ASFR17=0880h-08EFh -ASFR18=0900h-096Fh \
  -ASFR19=0980h-09EFh -ASFR20=0A00h-0A6Fh -ASFR21=0A80h-0AEFh \
  -ASFR22=0B00h-0B6Fh -ASFR23=0B80h-0BEFh -ASFR24=0C00h-0C6Fh \
  -ASFR25=0C80h-0CEFh -ASFR26=0D00h-0D6Fh -ASFR27=0D80h-0DEFh \
  -ASFR28=0E00h-0E6Fh -ASFR29=0E80h-0EEFh -ASFR30=0F00h-0F6Fh \
  -ASFR31=0F80h-0FEFh -ACONFIG=08007h-08008h -DCONFIG=2 \
  -AIDLOC=08000h-08003h -DIDLOC=2 -AEEDATA=00h-0FFh/0F000h \
  -peeprom_data=EEDATA -DEEDATA=2 -DCODE=2 -DSTRCODE=2 -DSTRING=2 -DCONST=2 \
  -DENTRY=2 -preset_vec=00h,intentry=04h,sivt,init,end_init -ppowerup=CODE \
  -pcinit=CODE -pfunctab=ENTRY -k \
  C:\Users\t00904\AppData\Local\Temp\xcCse6g.2\driver_tmp_15.o \
  dist/default/production\TY1489_HIGH_L_V01.X.production.o 

Object code version is 3.11

Machine type is 16F1936



                Name                               Link     Load   Length Selector   Space Scale
C:\Users\t00904\AppData\Local\Temp\xcCse6g.2\driver_tmp_15.o
                end_init                             26       26        2        8       0
                reset_vec                             0        0        2        0       0
                config                             8007     8007        2        0       4
dist/default/production\TY1489_HIGH_L_V01.X.production.o
                cinit                                28       28       1E        8       0
                intentry                              4        4       22        8       0
                config                             8007     8007        2        0       4
                text27                              1DE      1DE       CC        8       0
                text26                              4BF      4BF        F        8       0
                text25                              4AC      4AC       13        8       0
                text24                              541      541        1        8       0
                text23                              4F5      4F5        D        8       0
                text22                              480      480       18        8       0
                text20                              3F0      3F0       25        8       0
                text19                              3C0      3C0       30        8       0
                text18                              467      467       19        8       0
                text17                              44D      44D       1A        8       0
                text16                              520      520        7        8       0
                text15                              53D      53D        4        8       0
                text14                               46       46      198        8       0
                text13                              50E      50E        A        8       0
                text12                              4E8      4E8        D        8       0
                text11                              4DB      4DB        D        8       0
                text10                              502      502        C        8       0
                text9                               431      431       1C        8       0
                text8                               533      533        6        8       0
                text7                               498      498       14        8       0
                text6                               4CE      4CE        D        8       0
                text5                               518      518        8        8       0
                text4                               539      539        4        8       0
                text3                               415      415       1C        8       0
                text2                               38F      38F       31        8       0
                text1                               2AA      2AA       71        8       0
                maintext                            35B      35B       34        8       0
                cstackBANK0                          47       47        5       20       1
                cstackCOMMON                         76       76        6       70       1
                clrtext                             52D      52D        6        8       0
                inittext                            527      527        6        8       0
                dataBANK1                            A0       A0       40       A0       1
                bssBANK0                             20       20       27       20       1
                bssCOMMON                            70       70        6       70       1
                idataBANK1                          31B      31B       40        8       0

TOTAL           Name                               Link     Load   Length     Space
        CLASS   CODE           
                end_init                             26       26        2         0
                cinit                                28       28       1E         0
                intentry                              4        4       22         0
                reset_vec                             0        0        2         0
                text27                              1DE      1DE       CC         0
                text26                              4BF      4BF        F         0
                text25                              4AC      4AC       13         0
                text24                              541      541        1         0
                text23                              4F5      4F5        D         0
                text22                              480      480       18         0
                text20                              3F0      3F0       25         0
                text19                              3C0      3C0       30         0
                text18                              467      467       19         0
                text17                              44D      44D       1A         0
                text16                              520      520        7         0
                text15                              53D      53D        4         0
                text14                               46       46      198         0
                text13                              50E      50E        A         0
                text12                              4E8      4E8        D         0
                text11                              4DB      4DB        D         0
                text10                              502      502        C         0
                text9                               431      431       1C         0
                text8                               533      533        6         0
                text7                               498      498       14         0
                text6                               4CE      4CE        D         0
                text5                               518      518        8         0
                text4                               539      539        4         0
                text3                               415      415       1C         0
                text2                               38F      38F       31         0
                text1                               2AA      2AA       71         0
                maintext                            35B      35B       34         0
                clrtext                             52D      52D        6         0
                inittext                            527      527        6         0
                idataBANK1                          31B      31B       40         0

        CLASS   STRCODE        

        CLASS   STRING         

        CLASS   CONST          

        CLASS   ENTRY          

        CLASS   COMMON         
                cstackCOMMON                         76       76        6         1
                bssCOMMON                            70       70        6         1

        CLASS   BANK0          
                cstackBANK0                          47       47        5         1
                bssBANK0                             20       20       27         1

        CLASS   BANK1          
                dataBANK1                            A0       A0       40         1

        CLASS   BANK2          

        CLASS   BANK3          

        CLASS   BANK4          

        CLASS   BANK5          

        CLASS   BANK6          

        CLASS   BIGRAM         

        CLASS   RAM            

        CLASS   ABS1           
                abs_s1                               7E       7E        2         1

        CLASS   SFR0           

        CLASS   SFR1           

        CLASS   SFR2           

        CLASS   SFR3           

        CLASS   SFR4           

        CLASS   SFR5           

        CLASS   SFR6           

        CLASS   SFR7           

        CLASS   SFR8           

        CLASS   SFR9           

        CLASS   SFR10          

        CLASS   SFR11          

        CLASS   SFR12          

        CLASS   SFR13          

        CLASS   SFR14          

        CLASS   SFR15          

        CLASS   SFR16          

        CLASS   SFR17          

        CLASS   SFR18          

        CLASS   SFR19          

        CLASS   SFR20          

        CLASS   SFR21          

        CLASS   SFR22          

        CLASS   SFR23          

        CLASS   SFR24          

        CLASS   SFR25          

        CLASS   SFR26          

        CLASS   SFR27          

        CLASS   SFR28          

        CLASS   SFR29          

        CLASS   SFR30          

        CLASS   SFR31          

        CLASS   CONFIG         
                config                             8007     8007        2         4

        CLASS   IDLOC          

        CLASS   EEDATA         

        CLASS   BANK31         

        CLASS   BANK30         

        CLASS   BANK29         

        CLASS   BANK28         

        CLASS   BANK27         

        CLASS   BANK26         

        CLASS   BANK25         

        CLASS   BANK24         

        CLASS   BANK23         

        CLASS   BANK22         

        CLASS   BANK21         

        CLASS   BANK20         

        CLASS   BANK19         

        CLASS   BANK18         

        CLASS   BANK17         

        CLASS   BANK16         

        CLASS   BANK15         

        CLASS   BANK14         

        CLASS   BANK13         

        CLASS   BANK12         

        CLASS   BANK11         

        CLASS   BANK10         

        CLASS   BANK9          

        CLASS   BANK8          

        CLASS   BANK7          

        CLASS   HEAP           

        CLASS   STACK          



SEGMENTS        Name                           Load    Length   Top    Selector   Space  Class     Delta

                reset_vec                      000000  000002  000002         0       0  CODE        2
                intentry                       000004  00053E  000542         8       0  CODE        2
                bssBANK0                       000020  00002C  00004C        20       1  BANK0       1
                bssCOMMON                      000070  00000C  00007C        70       1  COMMON      1
                dataBANK1                      0000A0  000040  0000E0        A0       1  BANK1       1


UNUSED ADDRESS RANGES

        Name                Unused          Largest block    Delta
        BANK0            0004C-0006F              24           1
        BANK1            000E0-000EF              10           1
        BANK2            00120-0016F              50           1
        BANK3            001A0-001EF              50           1
        BANK4            00220-0026F              50           1
        BANK5            002A0-002EF              50           1
        BANK6            00320-0032F              10           1
        BIGRAM           02000-021EF             1F0           1
        CODE             00002-00003               2           2
                         00542-01FFF             800
        COMMON           0007C-0007D               2           1
        CONST            00002-00003               2           2
                         00542-01FFF             100
        EEDATA           0F000-0F0FF             100           2
        ENTRY            00002-00003               2           2
                         00542-01FFF             100
        IDLOC            08000-08003               4           2
        RAM              0004C-0006F              24           1
                         000E0-000EF              10
                         00120-0016F              50
                         001A0-001EF              50
                         00220-0026F              50
                         002A0-002EF              50
                         00320-0032F              10
        SFR0             00000-0001F              20           1
        SFR1             00080-0009F              20           1
        SFR10            00500-0056F              70           1
        SFR11            00580-005EF              70           1
        SFR12            00600-0066F              70           1
        SFR13            00680-006EF              70           1
        SFR14            00700-0076F              70           1
        SFR15            00780-007EF              70           1
        SFR16            00800-0086F              70           1
        SFR17            00880-008EF              70           1
        SFR18            00900-0096F              70           1
        SFR19            00980-009EF              70           1
        SFR2             00100-0011F              20           1
        SFR20            00A00-00A6F              70           1
        SFR21            00A80-00AEF              70           1
        SFR22            00B00-00B6F              70           1
        SFR23            00B80-00BEF              70           1
        SFR24            00C00-00C6F              70           1
        SFR25            00C80-00CEF              70           1
        SFR26            00D00-00D6F              70           1
        SFR27            00D80-00DEF              70           1
        SFR28            00E00-00E6F              70           1
        SFR29            00E80-00EEF              70           1
        SFR3             00180-0019F              20           1
        SFR30            00F00-00F6F              70           1
        SFR31            00F80-00FEF              70           1
        SFR4             00200-0021F              20           1
        SFR5             00280-0029F              20           1
        SFR6             00300-0031F              20           1
        SFR7             00380-003EF              70           1
        SFR8             00400-0046F              70           1
        SFR9             00480-004EF              70           1
        STRCODE          00002-00003               2           2
                         00542-01FFF            1ABE
        STRING           00002-00003               2           2
                         00542-01FFF             100

                                  Symbol Table

DRL_Gradually@i                           cstackBANK0  00048
ECCP3_CallBack@HI_us                      bssBANK0     0003C
ECCP3_CallBack@LO_us                      bssBANK0     0003B
ECCP3_CallBack@capturedValue              cstackCOMMON 00076
ECCP3_CallBack@data_cnt                   bssBANK0     00037
ECCP3_CallBack@diff_us                    bssBANK0     0003A
ECCP3_CallBack@fHead                      bssBANK0     00038
ECCP3_CallBack@falling_edge_time          bssCOMMON    00070
ECCP3_CallBack@pluse_width_HI             bssBANK0     0002D
ECCP3_CallBack@pluse_width_LO             bssBANK0     0002F
ECCP3_CallBack@rise_edge_flag             bssBANK0     00039
ECCP3_CallBack@rising_edge_time           bssBANK0     0002B
ECCP3_CaptureISR@module                   cstackCOMMON 0007A
LED_output@crc8                           cstackBANK0  0004A
LED_output@i                              cstackBANK0  0004B
POS_Gradually@i                           cstackBANK0  00049
TMR0_ISR@CountCallBack                    bssBANK0     00031
TMR0_SetInterruptHandler@InterruptHandler cstackBANK0  00047
_ANSELA                                   (abs)        0018C
_ANSELB                                   (abs)        0018D
_APFCON                                   (abs)        0011D
_BORCON                                   (abs)        00116
_CCP1CON                                  (abs)        00293
_CCP2CON                                  (abs)        0029A
_CCP3CON                                  (abs)        00313
_CCPR1H                                   (abs)        00292
_CCPR1L                                   (abs)        00291
_CCPR2H                                   (abs)        00299
_CCPR2L                                   (abs)        00298
_CCPR3H                                   (abs)        00312
_CCPR3L                                   (abs)        00311
_CCPTMRS0bits                             (abs)        0029E
_CS                                       dataBANK1    000A0
_D2                                       bssCOMMON    00073
_D3                                       bssBANK0     00043
_DRL_Gradually                            text18       00467
_DRL_ON                                   text17       0044D
_ECCP1AS                                  (abs)        00295
_ECCP2AS                                  (abs)        0029C
_ECCP3_CallBack                           text27       001DE
_ECCP3_CaptureISR                         text26       004BF
_ECCP3_Initialize                         text13       0050E
_EPWM1_Initialize                         text12       004E8
_EPWM2_Initialize                         text11       004DB
_Exception_handling                       text19       003C0
_INTCONbits                               (abs)        0000B
_INTERRUPT_InterruptManager               intentry     00004
_LATA                                     (abs)        0010C
_LATAbits                                 (abs)        0010C
_LATB                                     (abs)        0010D
_LATBbits                                 (abs)        0010D
_LATC                                     (abs)        0010E
_LATCbits                                 (abs)        0010E
_LATE                                     (abs)        00110
_LED_output                               text14       00046
_LoBeam_ON                                text16       00520
_OPTION_REG                               (abs)        00095
_OPTION_REGbits                           (abs)        00095
_OSCCON                                   (abs)        00099
_OSCILLATOR_Initialize                    text10       00502
_OSCTUNE                                  (abs)        00098
_PIE3bits                                 (abs)        00093
_PIN_MANAGER_Initialize                   text9        00431
_PIR1bits                                 (abs)        00011
_PIR3bits                                 (abs)        00013
_PLLR                                     (abs)        004D6
_POS_Gradually                            text20       003F0
_POS_ON                                   text15       0053D
_PR2                                      (abs)        0001B
_PSTR1CON                                 (abs)        00296
_PSTR2CON                                 (abs)        0029D
_PWM1CON                                  (abs)        00294
_PWM2CON                                  (abs)        0029B
_SYSTEM_Initialize                        text3        00415
_T10MS_CNT                                bssBANK0     00042
_T10MS_CNT1                               bssBANK0     00041
_T1CON                                    (abs)        00018
_T1CONbits                                (abs)        00018
_T1GCON                                   (abs)        00019
_T1GCONbits                               (abs)        00019
_T2CON                                    (abs)        0001C
_T2CONbits                                (abs)        0001C
_TMR0                                     (abs)        00015
_TMR0_CallBack                            text23       004F5
_TMR0_DefaultInterruptHandler             text24       00541
_TMR0_EvenHandler                         text25       004AC
_TMR0_ISR                                 text22       00480
_TMR0_Initialize                          text7        00498
_TMR0_InterruptHandler                    bssBANK0     00033
_TMR0_SetInterruptHandler                 text8        00533
_TMR1H                                    (abs)        00017
_TMR1L                                    (abs)        00016
_TMR1_Initialize                          text6        004CE
_TMR2                                     (abs)        0001A
_TMR2IF                                   (abs)        00089
_TMR2_Initialize                          text5        00518
_TRISA                                    (abs)        0008C
_TRISB                                    (abs)        0008D
_TRISC                                    (abs)        0008E
_TRISE                                    (abs)        00090
_WDTCON                                   (abs)        00097
_WDT_Initialize                           text4        00539
_WPUB                                     (abs)        0020D
_WPUE                                     (abs)        00210
__H__absolute__                           __absolute__ 00000
__Habs1                                   abs1         00000
__Hbank0                                  bank0        00000
__Hbank1                                  bank1        00000
__Hbank10                                 bank10       00000
__Hbank11                                 bank11       00000
__Hbank12                                 bank12       00000
__Hbank13                                 bank13       00000
__Hbank14                                 bank14       00000
__Hbank15                                 bank15       00000
__Hbank16                                 bank16       00000
__Hbank17                                 bank17       00000
__Hbank18                                 bank18       00000
__Hbank19                                 bank19       00000
__Hbank2                                  bank2        00000
__Hbank20                                 bank20       00000
__Hbank21                                 bank21       00000
__Hbank22                                 bank22       00000
__Hbank23                                 bank23       00000
__Hbank24                                 bank24       00000
__Hbank25                                 bank25       00000
__Hbank26                                 bank26       00000
__Hbank27                                 bank27       00000
__Hbank28                                 bank28       00000
__Hbank29                                 bank29       00000
__Hbank3                                  bank3        00000
__Hbank30                                 bank30       00000
__Hbank31                                 bank31       00000
__Hbank4                                  bank4        00000
__Hbank5                                  bank5        00000
__Hbank6                                  bank6        00000
__Hbank7                                  bank7        00000
__Hbank8                                  bank8        00000
__Hbank9                                  bank9        00000
__Hbigram                                 bigram       00000
__HbssBANK0                               bssBANK0     00000
__HbssCOMMON                              bssCOMMON    00000
__Hcinit                                  cinit        00046
__Hclrtext                                clrtext      00000
__Hcode                                   code         00000
__Hcommon                                 common       00000
__Hconfig                                 config       08009
__HcstackBANK0                            cstackBANK0  00000
__HcstackCOMMON                           cstackCOMMON 00000
__HdataBANK1                              dataBANK1    00000
__Heeprom_data                            eeprom_data  00000
__Hend_init                               end_init     00028
__Hfunctab                                functab      00000
__Hheap                                   heap         00000
__HidataBANK1                             idataBANK1   00000
__Hinit                                   init         00026
__Hinittext                               inittext     00000
__Hintentry                               intentry     00026
__Hmaintext                               maintext     00000
__Hpowerup                                powerup      00000
__Hram                                    ram          00000
__Hreset_vec                              reset_vec    00002
__Hsfr0                                   sfr0         00000
__Hsfr1                                   sfr1         00000
__Hsfr10                                  sfr10        00000
__Hsfr11                                  sfr11        00000
__Hsfr12                                  sfr12        00000
__Hsfr13                                  sfr13        00000
__Hsfr14                                  sfr14        00000
__Hsfr15                                  sfr15        00000
__Hsfr16                                  sfr16        00000
__Hsfr17                                  sfr17        00000
__Hsfr18                                  sfr18        00000
__Hsfr19                                  sfr19        00000
__Hsfr2                                   sfr2         00000
__Hsfr20                                  sfr20        00000
__Hsfr21                                  sfr21        00000
__Hsfr22                                  sfr22        00000
__Hsfr23                                  sfr23        00000
__Hsfr24                                  sfr24        00000
__Hsfr25                                  sfr25        00000
__Hsfr26                                  sfr26        00000
__Hsfr27                                  sfr27        00000
__Hsfr28                                  sfr28        00000
__Hsfr29                                  sfr29        00000
__Hsfr3                                   sfr3         00000
__Hsfr30                                  sfr30        00000
__Hsfr31                                  sfr31        00000
__Hsfr4                                   sfr4         00000
__Hsfr5                                   sfr5         00000
__Hsfr6                                   sfr6         00000
__Hsfr7                                   sfr7         00000
__Hsfr8                                   sfr8         00000
__Hsfr9                                   sfr9         00000
__Hsivt                                   sivt         00026
__Hspace_0                                (abs)        00542
__Hspace_1                                (abs)        000E0
__Hspace_2                                (abs)        00000
__Hspace_3                                (abs)        00000
__Hspace_4                                (abs)        10010
__Hstack                                  stack        00000
__Hstrings                                strings      00000
__Htext                                   text         00000
__L__absolute__                           __absolute__ 00000
__Labs1                                   abs1         00000
__Lbank0                                  bank0        00000
__Lbank1                                  bank1        00000
__Lbank10                                 bank10       00000
__Lbank11                                 bank11       00000
__Lbank12                                 bank12       00000
__Lbank13                                 bank13       00000
__Lbank14                                 bank14       00000
__Lbank15                                 bank15       00000
__Lbank16                                 bank16       00000
__Lbank17                                 bank17       00000
__Lbank18                                 bank18       00000
__Lbank19                                 bank19       00000
__Lbank2                                  bank2        00000
__Lbank20                                 bank20       00000
__Lbank21                                 bank21       00000
__Lbank22                                 bank22       00000
__Lbank23                                 bank23       00000
__Lbank24                                 bank24       00000
__Lbank25                                 bank25       00000
__Lbank26                                 bank26       00000
__Lbank27                                 bank27       00000
__Lbank28                                 bank28       00000
__Lbank29                                 bank29       00000
__Lbank3                                  bank3        00000
__Lbank30                                 bank30       00000
__Lbank31                                 bank31       00000
__Lbank4                                  bank4        00000
__Lbank5                                  bank5        00000
__Lbank6                                  bank6        00000
__Lbank7                                  bank7        00000
__Lbank8                                  bank8        00000
__Lbank9                                  bank9        00000
__Lbigram                                 bigram       00000
__LbssBANK0                               bssBANK0     00000
__LbssCOMMON                              bssCOMMON    00000
__Lcinit                                  cinit        00028
__Lclrtext                                clrtext      00000
__Lcode                                   code         00000
__Lcommon                                 common       00000
__Lconfig                                 config       00000
__LcstackBANK0                            cstackBANK0  00000
__LcstackCOMMON                           cstackCOMMON 00000
__LdataBANK1                              dataBANK1    00000
__Leeprom_data                            eeprom_data  00000
__Lend_init                               end_init     00026
__Lfunctab                                functab      00000
__Lheap                                   heap         00000
__LidataBANK1                             idataBANK1   00000
__Linit                                   init         00026
__Linittext                               inittext     00000
__Lintentry                               intentry     00004
__Lmaintext                               maintext     00000
__Lpowerup                                powerup      00000
__Lram                                    ram          00000
__Lreset_vec                              reset_vec    00000
__Lsfr0                                   sfr0         00000
__Lsfr1                                   sfr1         00000
__Lsfr10                                  sfr10        00000
__Lsfr11                                  sfr11        00000
__Lsfr12                                  sfr12        00000
__Lsfr13                                  sfr13        00000
__Lsfr14                                  sfr14        00000
__Lsfr15                                  sfr15        00000
__Lsfr16                                  sfr16        00000
__Lsfr17                                  sfr17        00000
__Lsfr18                                  sfr18        00000
__Lsfr19                                  sfr19        00000
__Lsfr2                                   sfr2         00000
__Lsfr20                                  sfr20        00000
__Lsfr21                                  sfr21        00000
__Lsfr22                                  sfr22        00000
__Lsfr23                                  sfr23        00000
__Lsfr24                                  sfr24        00000
__Lsfr25                                  sfr25        00000
__Lsfr26                                  sfr26        00000
__Lsfr27                                  sfr27        00000
__Lsfr28                                  sfr28        00000
__Lsfr29                                  sfr29        00000
__Lsfr3                                   sfr3         00000
__Lsfr30                                  sfr30        00000
__Lsfr31                                  sfr31        00000
__Lsfr4                                   sfr4         00000
__Lsfr5                                   sfr5         00000
__Lsfr6                                   sfr6         00000
__Lsfr7                                   sfr7         00000
__Lsfr8                                   sfr8         00000
__Lsfr9                                   sfr9         00000
__Lsivt                                   sivt         00026
__Lspace_0                                (abs)        00000
__Lspace_1                                (abs)        00000
__Lspace_2                                (abs)        00000
__Lspace_3                                (abs)        00000
__Lspace_4                                (abs)        00000
__Lstack                                  stack        00000
__Lstrings                                strings      00000
__Ltext                                   text         00000
__S0                                      (abs)        00542
__S1                                      (abs)        000E0
__S3                                      (abs)        00000
___heap_hi                                (abs)        00000
___heap_lo                                (abs)        00000
___int_sp                                 stack        00000
___int_stack_hi                           stack        00000
___int_stack_lo                           stack        00000
___latbits                                (abs)        00002
___sp                                     stack        00000
___stack_hi                               stack        00000
___stack_lo                               stack        00000
___stackhi                                (abs)        00000
___stacklo                                (abs)        00000
__end_of_DRL_Gradually                    text18       00480
__end_of_DRL_ON                           text17       00467
__end_of_ECCP3_CallBack                   text27       002AA
__end_of_ECCP3_CaptureISR                 text26       004CE
__end_of_ECCP3_Initialize                 text13       00518
__end_of_EPWM1_Initialize                 text12       004F5
__end_of_EPWM2_Initialize                 text11       004E8
__end_of_Exception_handling               text19       003F0
__end_of_INTERRUPT_InterruptManager       intentry     00026
__end_of_LED_output                       text14       001DE
__end_of_LoBeam_ON                        text16       00527
__end_of_OSCILLATOR_Initialize            text10       0050E
__end_of_PIN_MANAGER_Initialize           text9        0044D
__end_of_POS_Gradually                    text20       00415
__end_of_POS_ON                           text15       00541
__end_of_SYSTEM_Initialize                text3        00431
__end_of_TMR0_CallBack                    text23       00502
__end_of_TMR0_DefaultInterruptHandler     text24       00542
__end_of_TMR0_EvenHandler                 text25       004BF
__end_of_TMR0_ISR                         text22       00498
__end_of_TMR0_Initialize                  text7        004AC
__end_of_TMR0_SetInterruptHandler         text8        00539
__end_of_TMR1_Initialize                  text6        004DB
__end_of_TMR2_Initialize                  text5        00520
__end_of_WDT_Initialize                   text4        0053D
__end_of__initialization                  cinit        00042
__end_of_check_input                      text2        003C0
__end_of_getFrameData                     text1        0031B
__end_of_main                             maintext     0038F
__initialization                          cinit        00028
__pbssBANK0                               bssBANK0     00020
__pbssCOMMON                              bssCOMMON    00070
__pcstackBANK0                            cstackBANK0  00047
__pcstackCOMMON                           cstackCOMMON 00076
__pdataBANK1                              dataBANK1    000A0
__pidataBANK1                             idataBANK1   0031B
__pintentry                               intentry     00004
__pmaintext                               maintext     0035B
__ptext1                                  text1        002AA
__ptext10                                 text10       00502
__ptext11                                 text11       004DB
__ptext12                                 text12       004E8
__ptext13                                 text13       0050E
__ptext14                                 text14       00046
__ptext15                                 text15       0053D
__ptext16                                 text16       00520
__ptext17                                 text17       0044D
__ptext18                                 text18       00467
__ptext19                                 text19       003C0
__ptext2                                  text2        0038F
__ptext20                                 text20       003F0
__ptext22                                 text22       00480
__ptext23                                 text23       004F5
__ptext24                                 text24       00541
__ptext25                                 text25       004AC
__ptext26                                 text26       004BF
__ptext27                                 text27       001DE
__ptext3                                  text3        00415
__ptext4                                  text4        00539
__ptext5                                  text5        00518
__ptext6                                  text6        004CE
__ptext7                                  text7        00498
__ptext8                                  text8        00533
__ptext9                                  text9        00431
_check_input                              text2        0038F
_csFlag                                   bssCOMMON    00072
_data_1byte_OK                            bssBANK0     00046
_data_buf                                 bssBANK0     00020
_fDRL_Gradually                           bssBANK0     0003E
_fException                               bssBANK0     00040
_fException2                              bssBANK0     0003F
_fFrame_OK                                bssBANK0     00045
_fPOS_Gradually                           bssBANK0     0003D
_getFrameData                             text1        002AA
_main                                     maintext     0035B
_rx_data                                  bssCOMMON    00074
_step                                     bssBANK0     00044
_timer0ReloadVal                          bssCOMMON    00075
_timer1ReloadVal                          bssBANK0     00035
btemp                                     (abs)        0007E
clear_ram0                                clrtext      0052D
end_of_initialization                     cinit        00042
init_ram                                  inittext     00527
int$flags                                 (abs)        0007E
intlevel0                                 functab      00000
intlevel1                                 functab      00000
intlevel2                                 functab      00000
intlevel3                                 functab      00000
intlevel4                                 functab      00000
intlevel5                                 functab      00000
reset_vec                                 reset_vec    00000
start                                     init         00026
start_initialization                      cinit        00028
wtemp0                                    (abs)        0007E


MODULE INFORMATION

Module		Function		Class		Link	Load	Size
mcc_generated_files/tmr2.c
		_TMR2_Initialize		CODE           	0518	0000	8

mcc_generated_files/tmr2.c estimated size: 8

mcc_generated_files/interrupt_manager.c
		_INTERRUPT_InterruptManager		CODE           	0004	0000	34

mcc_generated_files/interrupt_manager.c estimated size: 34

mcc_generated_files/epwm2.c
		_EPWM2_Initialize		CODE           	04DB	0000	13

mcc_generated_files/epwm2.c estimated size: 13

mcc_generated_files/tmr0.c
		_TMR0_SetInterruptHandler		CODE           	0533	0000	6
		_TMR0_DefaultInterruptHandler		CODE           	0541	0000	1
		_TMR0_CallBack 		CODE           	04F5	0000	13
		_TMR0_ISR      		CODE           	0480	0000	24
		_TMR0_Initialize		CODE           	0498	0000	20

mcc_generated_files/tmr0.c estimated size: 64

mcc_generated_files/pin_manager.c
		_PIN_MANAGER_Initialize		CODE           	0431	0000	28

mcc_generated_files/pin_manager.c estimated size: 28

shared
		__initialization		CODE           	0028	0000	26

shared estimated size: 26

mcc_generated_files/mcc.c
		_WDT_Initialize		CODE           	0539	0000	4
		_OSCILLATOR_Initialize		CODE           	0502	0000	12
		_SYSTEM_Initialize		CODE           	0415	0000	28

mcc_generated_files/mcc.c estimated size: 44

mcc_generated_files/tmr1.c
		_TMR1_Initialize		CODE           	04CE	0000	13

mcc_generated_files/tmr1.c estimated size: 13

mcc_generated_files/epwm1.c
		_EPWM1_Initialize		CODE           	04E8	0000	13

mcc_generated_files/epwm1.c estimated size: 13

main.c
		_Exception_handling		CODE           	03C0	0000	48
		_main          		CODE           	035B	0000	52
		_DRL_Gradually 		CODE           	0467	0000	25
		_LoBeam_ON     		CODE           	0520	0000	7
		_getFrameData  		CODE           	02AA	0000	113
		_DRL_ON        		CODE           	044D	0000	26
		_check_input   		CODE           	038F	0000	49
		_LED_output    		CODE           	0046	0000	408
		_POS_Gradually 		CODE           	03F0	0000	37
		_TMR0_EvenHandler		CODE           	04AC	0000	19
		_POS_ON        		CODE           	053D	0000	4
		_ECCP3_CallBack		CODE           	01DE	0000	204

main.c estimated size: 992

mcc_generated_files/eccp3.c
		_ECCP3_CaptureISR		CODE           	04BF	0000	15
		_ECCP3_Initialize		CODE           	050E	0000	10

mcc_generated_files/eccp3.c estimated size: 25

